RAM Allocation [bytes]
Variable                                                                          Address   Size
------------------------------------------------------------------------------------------------
step2                                                                             0x050A       2
start                                                                             0x050C       1
target                                                                            0x050D       2
position                                                                          0x050F       2
txdata                                                                            0x0511       2
rxdata                                                                            0x0513       1
pill0                                                                             0x0514       3
pill1                                                                             0x0517       3
pill2                                                                             0x051A       3
unit                                                                              0x051D       3
index                                                                             0x0520       1
sp1                                                                               0x0521       2
sp2                                                                               0x0523       2

EEPROM Allocation [bytes]
Variable                                                                          Address   Size
------------------------------------------------------------------------------------------------

Register Allocation
Variable                                                                          Register  Size
------------------------------------------------------------------------------------------------
PAUSE                                                                             R4,R5        2
ENDLINE                                                                           R6,R7        2
ONE                                                                               R8,R9        2
NEXT                                                                              R10,R11      2
step1                                                                             R12,R13      2

FLASH Allocation [words]
Function                                                                          Address   Size
------------------------------------------------------------------------------------------------
init                                                                              0x000A4     50
BTinit                                                                            0x000D6     13
transmit                                                                          0x000E3      6
string                                                                            0x000E9     31
beep                                                                              0x00108      9
vel_f5                                                                            0x00111     15
wait                                                                              0x00120      7
motor0                                                                            0x00127      4
motor1                                                                            0x0012B      4
motor3                                                                            0x00133      5
give0                                                                             0x00138     19
give1                                                                             0x0014B     19
give2                                                                             0x0015E     19
go                                                                                0x00171     14
str2int                                                                           0x0017F     22
run                                                                               0x00195     64
usart0_rxc                                                                        0x001D5    169
timer1_compa_isr                                                                  0x0027E     23
timer1_compb_isr                                                                  0x00295     54
usart0_dre                                                                        0x002CB      7
main                                                                              0x002D2     38
