
AVRASM ver. 2.1.30  C:\Users\jeong\Desktop\graduate\Routine\Debug\List\routine.asm Mon Aug 31 18:28:42 2020

C:\Users\jeong\Desktop\graduate\Routine\Debug\List\routine.asm(1090): warning: Register r4 already defined by the .DEF directive
C:\Users\jeong\Desktop\graduate\Routine\Debug\List\routine.asm(1091): warning: Register r5 already defined by the .DEF directive
C:\Users\jeong\Desktop\graduate\Routine\Debug\List\routine.asm(1092): warning: Register r6 already defined by the .DEF directive
C:\Users\jeong\Desktop\graduate\Routine\Debug\List\routine.asm(1093): warning: Register r7 already defined by the .DEF directive
C:\Users\jeong\Desktop\graduate\Routine\Debug\List\routine.asm(1094): warning: Register r8 already defined by the .DEF directive
C:\Users\jeong\Desktop\graduate\Routine\Debug\List\routine.asm(1095): warning: Register r9 already defined by the .DEF directive
C:\Users\jeong\Desktop\graduate\Routine\Debug\List\routine.asm(1096): warning: Register r10 already defined by the .DEF directive
C:\Users\jeong\Desktop\graduate\Routine\Debug\List\routine.asm(1097): warning: Register r11 already defined by the .DEF directive
C:\Users\jeong\Desktop\graduate\Routine\Debug\List\routine.asm(1098): warning: Register r12 already defined by the .DEF directive
C:\Users\jeong\Desktop\graduate\Routine\Debug\List\routine.asm(1099): warning: Register r13 already defined by the .DEF directive
                 
                 
                 ;CodeVisionAVR C Compiler V3.12 Advanced
                 ;(C) Copyright 1998-2014 Pavel Haiduc, HP InfoTech s.r.l.
                 ;http://www.hpinfotech.com
                 
                 ;Build configuration    : Debug
                 ;Chip type              : ATmega128
                 ;Program type           : Application
                 ;Clock frequency        : 16.000000 MHz
                 ;Memory model           : Small
                 ;Optimize for           : Size
                 ;(s)printf features     : int, width
                 ;(s)scanf features      : int, width
                 ;External RAM size      : 0
                 ;Data Stack size        : 1024 byte(s)
                 ;Heap size              : 0 byte(s)
                 ;Promote 'char' to 'int': Yes
                 ;'char' is unsigned     : Yes
                 ;8 bit enums            : Yes
                 ;Global 'const' stored in FLASH: No
                 ;Enhanced function parameter passing: Yes
                 ;Enhanced core instructions: On
                 ;Automatic register allocation for global variables: On
                 ;Smart register allocation: On
                 
                 	#define _MODEL_SMALL_
                 
                 	#pragma AVRPART ADMIN PART_NAME ATmega128
                 	#pragma AVRPART MEMORY PROG_FLASH 131072
                 	#pragma AVRPART MEMORY EEPROM 4096
                 	#pragma AVRPART MEMORY INT_SRAM SIZE 4096
                 	#pragma AVRPART MEMORY INT_SRAM START_ADDR 0x100
                 
                 	#define CALL_SUPPORTED 1
                 
                 	.LISTMAC
                 	.EQU UDRE=0x5
                 	.EQU RXC=0x7
                 	.EQU USR=0xB
                 	.EQU UDR=0xC
                 	.EQU SPSR=0xE
                 	.EQU SPDR=0xF
                 	.EQU EERE=0x0
                 	.EQU EEWE=0x1
                 	.EQU EEMWE=0x2
                 	.EQU EECR=0x1C
                 	.EQU EEDR=0x1D
                 	.EQU EEARL=0x1E
                 	.EQU EEARH=0x1F
                 	.EQU WDTCR=0x21
                 	.EQU MCUCR=0x35
                 	.EQU RAMPZ=0x3B
                 	.EQU SPL=0x3D
                 	.EQU SPH=0x3E
                 	.EQU SREG=0x3F
                 	.EQU XMCRA=0x6D
                 	.EQU XMCRB=0x6C
                 
                 	.DEF R0X0=R0
                 	.DEF R0X1=R1
                 	.DEF R0X2=R2
                 	.DEF R0X3=R3
                 	.DEF R0X4=R4
                 	.DEF R0X5=R5
                 	.DEF R0X6=R6
                 	.DEF R0X7=R7
                 	.DEF R0X8=R8
                 	.DEF R0X9=R9
                 	.DEF R0XA=R10
                 	.DEF R0XB=R11
                 	.DEF R0XC=R12
                 	.DEF R0XD=R13
                 	.DEF R0XE=R14
                 	.DEF R0XF=R15
                 	.DEF R0X10=R16
                 	.DEF R0X11=R17
                 	.DEF R0X12=R18
                 	.DEF R0X13=R19
                 	.DEF R0X14=R20
                 	.DEF R0X15=R21
                 	.DEF R0X16=R22
                 	.DEF R0X17=R23
                 	.DEF R0X18=R24
                 	.DEF R0X19=R25
                 	.DEF R0X1A=R26
                 	.DEF R0X1B=R27
                 	.DEF R0X1C=R28
                 	.DEF R0X1D=R29
                 	.DEF R0X1E=R30
                 	.DEF R0X1F=R31
                 
                 	.EQU __SRAM_START=0x0100
                 	.EQU __SRAM_END=0x10FF
                 	.EQU __DSTACK_SIZE=0x0400
                 	.EQU __HEAP_SIZE=0x0000
                 	.EQU __CLEAR_SRAM_SIZE=__SRAM_END-__SRAM_START+1
                 
                 	.MACRO __CPD1N
                 	CPI  R30,LOW(@0)
                 	LDI  R26,HIGH(@0)
                 	CPC  R31,R26
                 	LDI  R26,BYTE3(@0)
                 	CPC  R22,R26
                 	LDI  R26,BYTE4(@0)
                 	CPC  R23,R26
                 	.ENDM
                 
                 	.MACRO __CPD2N
                 	CPI  R26,LOW(@0)
                 	LDI  R30,HIGH(@0)
                 	CPC  R27,R30
                 	LDI  R30,BYTE3(@0)
                 	CPC  R24,R30
                 	LDI  R30,BYTE4(@0)
                 	CPC  R25,R30
                 	.ENDM
                 
                 	.MACRO __CPWRR
                 	CP   R@0,R@2
                 	CPC  R@1,R@3
                 	.ENDM
                 
                 	.MACRO __CPWRN
                 	CPI  R@0,LOW(@2)
                 	LDI  R30,HIGH(@2)
                 	CPC  R@1,R30
                 	.ENDM
                 
                 	.MACRO __ADDB1MN
                 	SUBI R30,LOW(-@0-(@1))
                 	.ENDM
                 
                 	.MACRO __ADDB2MN
                 	SUBI R26,LOW(-@0-(@1))
                 	.ENDM
                 
                 	.MACRO __ADDW1MN
                 	SUBI R30,LOW(-@0-(@1))
                 	SBCI R31,HIGH(-@0-(@1))
                 	.ENDM
                 
                 	.MACRO __ADDW2MN
                 	SUBI R26,LOW(-@0-(@1))
                 	SBCI R27,HIGH(-@0-(@1))
                 	.ENDM
                 
                 	.MACRO __ADDW1FN
                 	SUBI R30,LOW(-2*@0-(@1))
                 	SBCI R31,HIGH(-2*@0-(@1))
                 	.ENDM
                 
                 	.MACRO __ADDD1FN
                 	SUBI R30,LOW(-2*@0-(@1))
                 	SBCI R31,HIGH(-2*@0-(@1))
                 	SBCI R22,BYTE3(-2*@0-(@1))
                 	.ENDM
                 
                 	.MACRO __ADDD1N
                 	SUBI R30,LOW(-@0)
                 	SBCI R31,HIGH(-@0)
                 	SBCI R22,BYTE3(-@0)
                 	SBCI R23,BYTE4(-@0)
                 	.ENDM
                 
                 	.MACRO __ADDD2N
                 	SUBI R26,LOW(-@0)
                 	SBCI R27,HIGH(-@0)
                 	SBCI R24,BYTE3(-@0)
                 	SBCI R25,BYTE4(-@0)
                 	.ENDM
                 
                 	.MACRO __SUBD1N
                 	SUBI R30,LOW(@0)
                 	SBCI R31,HIGH(@0)
                 	SBCI R22,BYTE3(@0)
                 	SBCI R23,BYTE4(@0)
                 	.ENDM
                 
                 	.MACRO __SUBD2N
                 	SUBI R26,LOW(@0)
                 	SBCI R27,HIGH(@0)
                 	SBCI R24,BYTE3(@0)
                 	SBCI R25,BYTE4(@0)
                 	.ENDM
                 
                 	.MACRO __ANDBMNN
                 	LDS  R30,@0+(@1)
                 	ANDI R30,LOW(@2)
                 	STS  @0+(@1),R30
                 	.ENDM
                 
                 	.MACRO __ANDWMNN
                 	LDS  R30,@0+(@1)
                 	ANDI R30,LOW(@2)
                 	STS  @0+(@1),R30
                 	LDS  R30,@0+(@1)+1
                 	ANDI R30,HIGH(@2)
                 	STS  @0+(@1)+1,R30
                 	.ENDM
                 
                 	.MACRO __ANDD1N
                 	ANDI R30,LOW(@0)
                 	ANDI R31,HIGH(@0)
                 	ANDI R22,BYTE3(@0)
                 	ANDI R23,BYTE4(@0)
                 	.ENDM
                 
                 	.MACRO __ANDD2N
                 	ANDI R26,LOW(@0)
                 	ANDI R27,HIGH(@0)
                 	ANDI R24,BYTE3(@0)
                 	ANDI R25,BYTE4(@0)
                 	.ENDM
                 
                 	.MACRO __ORBMNN
                 	LDS  R30,@0+(@1)
                 	ORI  R30,LOW(@2)
                 	STS  @0+(@1),R30
                 	.ENDM
                 
                 	.MACRO __ORWMNN
                 	LDS  R30,@0+(@1)
                 	ORI  R30,LOW(@2)
                 	STS  @0+(@1),R30
                 	LDS  R30,@0+(@1)+1
                 	ORI  R30,HIGH(@2)
                 	STS  @0+(@1)+1,R30
                 	.ENDM
                 
                 	.MACRO __ORD1N
                 	ORI  R30,LOW(@0)
                 	ORI  R31,HIGH(@0)
                 	ORI  R22,BYTE3(@0)
                 	ORI  R23,BYTE4(@0)
                 	.ENDM
                 
                 	.MACRO __ORD2N
                 	ORI  R26,LOW(@0)
                 	ORI  R27,HIGH(@0)
                 	ORI  R24,BYTE3(@0)
                 	ORI  R25,BYTE4(@0)
                 	.ENDM
                 
                 	.MACRO __DELAY_USB
                 	LDI  R24,LOW(@0)
                 __DELAY_USB_LOOP:
                 	DEC  R24
                 	BRNE __DELAY_USB_LOOP
                 	.ENDM
                 
                 	.MACRO __DELAY_USW
                 	LDI  R24,LOW(@0)
                 	LDI  R25,HIGH(@0)
                 __DELAY_USW_LOOP:
                 	SBIW R24,1
                 	BRNE __DELAY_USW_LOOP
                 	.ENDM
                 
                 	.MACRO __GETD1S
                 	LDD  R30,Y+@0
                 	LDD  R31,Y+@0+1
                 	LDD  R22,Y+@0+2
                 	LDD  R23,Y+@0+3
                 	.ENDM
                 
                 	.MACRO __GETD2S
                 	LDD  R26,Y+@0
                 	LDD  R27,Y+@0+1
                 	LDD  R24,Y+@0+2
                 	LDD  R25,Y+@0+3
                 	.ENDM
                 
                 	.MACRO __PUTD1S
                 	STD  Y+@0,R30
                 	STD  Y+@0+1,R31
                 	STD  Y+@0+2,R22
                 	STD  Y+@0+3,R23
                 	.ENDM
                 
                 	.MACRO __PUTD2S
                 	STD  Y+@0,R26
                 	STD  Y+@0+1,R27
                 	STD  Y+@0+2,R24
                 	STD  Y+@0+3,R25
                 	.ENDM
                 
                 	.MACRO __PUTDZ2
                 	STD  Z+@0,R26
                 	STD  Z+@0+1,R27
                 	STD  Z+@0+2,R24
                 	STD  Z+@0+3,R25
                 	.ENDM
                 
                 	.MACRO __CLRD1S
                 	STD  Y+@0,R30
                 	STD  Y+@0+1,R30
                 	STD  Y+@0+2,R30
                 	STD  Y+@0+3,R30
                 	.ENDM
                 
                 	.MACRO __POINTB1MN
                 	LDI  R30,LOW(@0+(@1))
                 	.ENDM
                 
                 	.MACRO __POINTW1MN
                 	LDI  R30,LOW(@0+(@1))
                 	LDI  R31,HIGH(@0+(@1))
                 	.ENDM
                 
                 	.MACRO __POINTD1M
                 	LDI  R30,LOW(@0)
                 	LDI  R31,HIGH(@0)
                 	LDI  R22,BYTE3(@0)
                 	LDI  R23,BYTE4(@0)
                 	.ENDM
                 
                 	.MACRO __POINTW1FN
                 	LDI  R30,LOW(2*@0+(@1))
                 	LDI  R31,HIGH(2*@0+(@1))
                 	.ENDM
                 
                 	.MACRO __POINTD1FN
                 	LDI  R30,LOW(2*@0+(@1))
                 	LDI  R31,HIGH(2*@0+(@1))
                 	LDI  R22,BYTE3(2*@0+(@1))
                 	LDI  R23,BYTE4(2*@0+(@1))
                 	.ENDM
                 
                 	.MACRO __POINTB2MN
                 	LDI  R26,LOW(@0+(@1))
                 	.ENDM
                 
                 	.MACRO __POINTW2MN
                 	LDI  R26,LOW(@0+(@1))
                 	LDI  R27,HIGH(@0+(@1))
                 	.ENDM
                 
                 	.MACRO __POINTW2FN
                 	LDI  R26,LOW(2*@0+(@1))
                 	LDI  R27,HIGH(2*@0+(@1))
                 	.ENDM
                 
                 	.MACRO __POINTD2FN
                 	LDI  R26,LOW(2*@0+(@1))
                 	LDI  R27,HIGH(2*@0+(@1))
                 	LDI  R24,BYTE3(2*@0+(@1))
                 	LDI  R25,BYTE4(2*@0+(@1))
                 	.ENDM
                 
                 	.MACRO __POINTBRM
                 	LDI  R@0,LOW(@1)
                 	.ENDM
                 
                 	.MACRO __POINTWRM
                 	LDI  R@0,LOW(@2)
                 	LDI  R@1,HIGH(@2)
                 	.ENDM
                 
                 	.MACRO __POINTBRMN
                 	LDI  R@0,LOW(@1+(@2))
                 	.ENDM
                 
                 	.MACRO __POINTWRMN
                 	LDI  R@0,LOW(@2+(@3))
                 	LDI  R@1,HIGH(@2+(@3))
                 	.ENDM
                 
                 	.MACRO __POINTWRFN
                 	LDI  R@0,LOW(@2*2+(@3))
                 	LDI  R@1,HIGH(@2*2+(@3))
                 	.ENDM
                 
                 	.MACRO __GETD1N
                 	LDI  R30,LOW(@0)
                 	LDI  R31,HIGH(@0)
                 	LDI  R22,BYTE3(@0)
                 	LDI  R23,BYTE4(@0)
                 	.ENDM
                 
                 	.MACRO __GETD2N
                 	LDI  R26,LOW(@0)
                 	LDI  R27,HIGH(@0)
                 	LDI  R24,BYTE3(@0)
                 	LDI  R25,BYTE4(@0)
                 	.ENDM
                 
                 	.MACRO __GETB1MN
                 	LDS  R30,@0+(@1)
                 	.ENDM
                 
                 	.MACRO __GETB1HMN
                 	LDS  R31,@0+(@1)
                 	.ENDM
                 
                 	.MACRO __GETW1MN
                 	LDS  R30,@0+(@1)
                 	LDS  R31,@0+(@1)+1
                 	.ENDM
                 
                 	.MACRO __GETD1MN
                 	LDS  R30,@0+(@1)
                 	LDS  R31,@0+(@1)+1
                 	LDS  R22,@0+(@1)+2
                 	LDS  R23,@0+(@1)+3
                 	.ENDM
                 
                 	.MACRO __GETBRMN
                 	LDS  R@0,@1+(@2)
                 	.ENDM
                 
                 	.MACRO __GETWRMN
                 	LDS  R@0,@2+(@3)
                 	LDS  R@1,@2+(@3)+1
                 	.ENDM
                 
                 	.MACRO __GETWRZ
                 	LDD  R@0,Z+@2
                 	LDD  R@1,Z+@2+1
                 	.ENDM
                 
                 	.MACRO __GETD2Z
                 	LDD  R26,Z+@0
                 	LDD  R27,Z+@0+1
                 	LDD  R24,Z+@0+2
                 	LDD  R25,Z+@0+3
                 	.ENDM
                 
                 	.MACRO __GETB2MN
                 	LDS  R26,@0+(@1)
                 	.ENDM
                 
                 	.MACRO __GETW2MN
                 	LDS  R26,@0+(@1)
                 	LDS  R27,@0+(@1)+1
                 	.ENDM
                 
                 	.MACRO __GETD2MN
                 	LDS  R26,@0+(@1)
                 	LDS  R27,@0+(@1)+1
                 	LDS  R24,@0+(@1)+2
                 	LDS  R25,@0+(@1)+3
                 	.ENDM
                 
                 	.MACRO __PUTB1MN
                 	STS  @0+(@1),R30
                 	.ENDM
                 
                 	.MACRO __PUTW1MN
                 	STS  @0+(@1),R30
                 	STS  @0+(@1)+1,R31
                 	.ENDM
                 
                 	.MACRO __PUTD1MN
                 	STS  @0+(@1),R30
                 	STS  @0+(@1)+1,R31
                 	STS  @0+(@1)+2,R22
                 	STS  @0+(@1)+3,R23
                 	.ENDM
                 
                 	.MACRO __PUTB1EN
                 	LDI  R26,LOW(@0+(@1))
                 	LDI  R27,HIGH(@0+(@1))
                 	CALL __EEPROMWRB
                 	.ENDM
                 
                 	.MACRO __PUTW1EN
                 	LDI  R26,LOW(@0+(@1))
                 	LDI  R27,HIGH(@0+(@1))
                 	CALL __EEPROMWRW
                 	.ENDM
                 
                 	.MACRO __PUTD1EN
                 	LDI  R26,LOW(@0+(@1))
                 	LDI  R27,HIGH(@0+(@1))
                 	CALL __EEPROMWRD
                 	.ENDM
                 
                 	.MACRO __PUTBR0MN
                 	STS  @0+(@1),R0
                 	.ENDM
                 
                 	.MACRO __PUTBMRN
                 	STS  @0+(@1),R@2
                 	.ENDM
                 
                 	.MACRO __PUTWMRN
                 	STS  @0+(@1),R@2
                 	STS  @0+(@1)+1,R@3
                 	.ENDM
                 
                 	.MACRO __PUTBZR
                 	STD  Z+@1,R@0
                 	.ENDM
                 
                 	.MACRO __PUTWZR
                 	STD  Z+@2,R@0
                 	STD  Z+@2+1,R@1
                 	.ENDM
                 
                 	.MACRO __GETW1R
                 	MOV  R30,R@0
                 	MOV  R31,R@1
                 	.ENDM
                 
                 	.MACRO __GETW2R
                 	MOV  R26,R@0
                 	MOV  R27,R@1
                 	.ENDM
                 
                 	.MACRO __GETWRN
                 	LDI  R@0,LOW(@2)
                 	LDI  R@1,HIGH(@2)
                 	.ENDM
                 
                 	.MACRO __PUTW1R
                 	MOV  R@0,R30
                 	MOV  R@1,R31
                 	.ENDM
                 
                 	.MACRO __PUTW2R
                 	MOV  R@0,R26
                 	MOV  R@1,R27
                 	.ENDM
                 
                 	.MACRO __ADDWRN
                 	SUBI R@0,LOW(-@2)
                 	SBCI R@1,HIGH(-@2)
                 	.ENDM
                 
                 	.MACRO __ADDWRR
                 	ADD  R@0,R@2
                 	ADC  R@1,R@3
                 	.ENDM
                 
                 	.MACRO __SUBWRN
                 	SUBI R@0,LOW(@2)
                 	SBCI R@1,HIGH(@2)
                 	.ENDM
                 
                 	.MACRO __SUBWRR
                 	SUB  R@0,R@2
                 	SBC  R@1,R@3
                 	.ENDM
                 
                 	.MACRO __ANDWRN
                 	ANDI R@0,LOW(@2)
                 	ANDI R@1,HIGH(@2)
                 	.ENDM
                 
                 	.MACRO __ANDWRR
                 	AND  R@0,R@2
                 	AND  R@1,R@3
                 	.ENDM
                 
                 	.MACRO __ORWRN
                 	ORI  R@0,LOW(@2)
                 	ORI  R@1,HIGH(@2)
                 	.ENDM
                 
                 	.MACRO __ORWRR
                 	OR   R@0,R@2
                 	OR   R@1,R@3
                 	.ENDM
                 
                 	.MACRO __EORWRR
                 	EOR  R@0,R@2
                 	EOR  R@1,R@3
                 	.ENDM
                 
                 	.MACRO __GETWRS
                 	LDD  R@0,Y+@2
                 	LDD  R@1,Y+@2+1
                 	.ENDM
                 
                 	.MACRO __PUTBSR
                 	STD  Y+@1,R@0
                 	.ENDM
                 
                 	.MACRO __PUTWSR
                 	STD  Y+@2,R@0
                 	STD  Y+@2+1,R@1
                 	.ENDM
                 
                 	.MACRO __MOVEWRR
                 	MOV  R@0,R@2
                 	MOV  R@1,R@3
                 	.ENDM
                 
                 	.MACRO __INWR
                 	IN   R@0,@2
                 	IN   R@1,@2+1
                 	.ENDM
                 
                 	.MACRO __OUTWR
                 	OUT  @2+1,R@1
                 	OUT  @2,R@0
                 	.ENDM
                 
                 	.MACRO __CALL1MN
                 	LDS  R30,@0+(@1)
                 	LDS  R31,@0+(@1)+1
                 	ICALL
                 	.ENDM
                 
                 	.MACRO __CALL1FN
                 	LDI  R30,LOW(2*@0+(@1))
                 	LDI  R31,HIGH(2*@0+(@1))
                 	CALL __GETW1PF
                 	ICALL
                 	.ENDM
                 
                 	.MACRO __CALL2EN
                 	PUSH R26
                 	PUSH R27
                 	LDI  R26,LOW(@0+(@1))
                 	LDI  R27,HIGH(@0+(@1))
                 	CALL __EEPROMRDW
                 	POP  R27
                 	POP  R26
                 	ICALL
                 	.ENDM
                 
                 	.MACRO __CALL2EX
                 	SUBI R26,LOW(-@0)
                 	SBCI R27,HIGH(-@0)
                 	CALL __EEPROMRDD
                 	ICALL
                 	.ENDM
                 
                 	.MACRO __GETW1STACK
                 	IN   R30,SPL
                 	IN   R31,SPH
                 	ADIW R30,@0+1
                 	LD   R0,Z+
                 	LD   R31,Z
                 	MOV  R30,R0
                 	.ENDM
                 
                 	.MACRO __GETD1STACK
                 	IN   R30,SPL
                 	IN   R31,SPH
                 	ADIW R30,@0+1
                 	LD   R0,Z+
                 	LD   R1,Z+
                 	LD   R22,Z
                 	MOVW R30,R0
                 	.ENDM
                 
                 	.MACRO __NBST
                 	BST  R@0,@1
                 	IN   R30,SREG
                 	LDI  R31,0x40
                 	EOR  R30,R31
                 	OUT  SREG,R30
                 	.ENDM
                 
                 
                 	.MACRO __PUTB1SN
                 	LDD  R26,Y+@0
                 	LDD  R27,Y+@0+1
                 	SUBI R26,LOW(-@1)
                 	SBCI R27,HIGH(-@1)
                 	ST   X,R30
                 	.ENDM
                 
                 	.MACRO __PUTW1SN
                 	LDD  R26,Y+@0
                 	LDD  R27,Y+@0+1
                 	SUBI R26,LOW(-@1)
                 	SBCI R27,HIGH(-@1)
                 	ST   X+,R30
                 	ST   X,R31
                 	.ENDM
                 
                 	.MACRO __PUTD1SN
                 	LDD  R26,Y+@0
                 	LDD  R27,Y+@0+1
                 	SUBI R26,LOW(-@1)
                 	SBCI R27,HIGH(-@1)
                 	CALL __PUTDP1
                 	.ENDM
                 
                 	.MACRO __PUTB1SNS
                 	LDD  R26,Y+@0
                 	LDD  R27,Y+@0+1
                 	ADIW R26,@1
                 	ST   X,R30
                 	.ENDM
                 
                 	.MACRO __PUTW1SNS
                 	LDD  R26,Y+@0
                 	LDD  R27,Y+@0+1
                 	ADIW R26,@1
                 	ST   X+,R30
                 	ST   X,R31
                 	.ENDM
                 
                 	.MACRO __PUTD1SNS
                 	LDD  R26,Y+@0
                 	LDD  R27,Y+@0+1
                 	ADIW R26,@1
                 	CALL __PUTDP1
                 	.ENDM
                 
                 	.MACRO __PUTB1PMN
                 	LDS  R26,@0
                 	LDS  R27,@0+1
                 	SUBI R26,LOW(-@1)
                 	SBCI R27,HIGH(-@1)
                 	ST   X,R30
                 	.ENDM
                 
                 	.MACRO __PUTW1PMN
                 	LDS  R26,@0
                 	LDS  R27,@0+1
                 	SUBI R26,LOW(-@1)
                 	SBCI R27,HIGH(-@1)
                 	ST   X+,R30
                 	ST   X,R31
                 	.ENDM
                 
                 	.MACRO __PUTD1PMN
                 	LDS  R26,@0
                 	LDS  R27,@0+1
                 	SUBI R26,LOW(-@1)
                 	SBCI R27,HIGH(-@1)
                 	CALL __PUTDP1
                 	.ENDM
                 
                 	.MACRO __PUTB1PMNS
                 	LDS  R26,@0
                 	LDS  R27,@0+1
                 	ADIW R26,@1
                 	ST   X,R30
                 	.ENDM
                 
                 	.MACRO __PUTW1PMNS
                 	LDS  R26,@0
                 	LDS  R27,@0+1
                 	ADIW R26,@1
                 	ST   X+,R30
                 	ST   X,R31
                 	.ENDM
                 
                 	.MACRO __PUTD1PMNS
                 	LDS  R26,@0
                 	LDS  R27,@0+1
                 	ADIW R26,@1
                 	CALL __PUTDP1
                 	.ENDM
                 
                 	.MACRO __PUTB1RN
                 	MOVW R26,R@0
                 	SUBI R26,LOW(-@1)
                 	SBCI R27,HIGH(-@1)
                 	ST   X,R30
                 	.ENDM
                 
                 	.MACRO __PUTW1RN
                 	MOVW R26,R@0
                 	SUBI R26,LOW(-@1)
                 	SBCI R27,HIGH(-@1)
                 	ST   X+,R30
                 	ST   X,R31
                 	.ENDM
                 
                 	.MACRO __PUTD1RN
                 	MOVW R26,R@0
                 	SUBI R26,LOW(-@1)
                 	SBCI R27,HIGH(-@1)
                 	CALL __PUTDP1
                 	.ENDM
                 
                 	.MACRO __PUTB1RNS
                 	MOVW R26,R@0
                 	ADIW R26,@1
                 	ST   X,R30
                 	.ENDM
                 
                 	.MACRO __PUTW1RNS
                 	MOVW R26,R@0
                 	ADIW R26,@1
                 	ST   X+,R30
                 	ST   X,R31
                 	.ENDM
                 
                 	.MACRO __PUTD1RNS
                 	MOVW R26,R@0
                 	ADIW R26,@1
                 	CALL __PUTDP1
                 	.ENDM
                 
                 	.MACRO __PUTB1RON
                 	MOV  R26,R@0
                 	MOV  R27,R@1
                 	SUBI R26,LOW(-@2)
                 	SBCI R27,HIGH(-@2)
                 	ST   X,R30
                 	.ENDM
                 
                 	.MACRO __PUTW1RON
                 	MOV  R26,R@0
                 	MOV  R27,R@1
                 	SUBI R26,LOW(-@2)
                 	SBCI R27,HIGH(-@2)
                 	ST   X+,R30
                 	ST   X,R31
                 	.ENDM
                 
                 	.MACRO __PUTD1RON
                 	MOV  R26,R@0
                 	MOV  R27,R@1
                 	SUBI R26,LOW(-@2)
                 	SBCI R27,HIGH(-@2)
                 	CALL __PUTDP1
                 	.ENDM
                 
                 	.MACRO __PUTB1RONS
                 	MOV  R26,R@0
                 	MOV  R27,R@1
                 	ADIW R26,@2
                 	ST   X,R30
                 	.ENDM
                 
                 	.MACRO __PUTW1RONS
                 	MOV  R26,R@0
                 	MOV  R27,R@1
                 	ADIW R26,@2
                 	ST   X+,R30
                 	ST   X,R31
                 	.ENDM
                 
                 	.MACRO __PUTD1RONS
                 	MOV  R26,R@0
                 	MOV  R27,R@1
                 	ADIW R26,@2
                 	CALL __PUTDP1
                 	.ENDM
                 
                 
                 	.MACRO __GETB1SX
                 	MOVW R30,R28
                 	SUBI R30,LOW(-@0)
                 	SBCI R31,HIGH(-@0)
                 	LD   R30,Z
                 	.ENDM
                 
                 	.MACRO __GETB1HSX
                 	MOVW R30,R28
                 	SUBI R30,LOW(-@0)
                 	SBCI R31,HIGH(-@0)
                 	LD   R31,Z
                 	.ENDM
                 
                 	.MACRO __GETW1SX
                 	MOVW R30,R28
                 	SUBI R30,LOW(-@0)
                 	SBCI R31,HIGH(-@0)
                 	LD   R0,Z+
                 	LD   R31,Z
                 	MOV  R30,R0
                 	.ENDM
                 
                 	.MACRO __GETD1SX
                 	MOVW R30,R28
                 	SUBI R30,LOW(-@0)
                 	SBCI R31,HIGH(-@0)
                 	LD   R0,Z+
                 	LD   R1,Z+
                 	LD   R22,Z+
                 	LD   R23,Z
                 	MOVW R30,R0
                 	.ENDM
                 
                 	.MACRO __GETB2SX
                 	MOVW R26,R28
                 	SUBI R26,LOW(-@0)
                 	SBCI R27,HIGH(-@0)
                 	LD   R26,X
                 	.ENDM
                 
                 	.MACRO __GETW2SX
                 	MOVW R26,R28
                 	SUBI R26,LOW(-@0)
                 	SBCI R27,HIGH(-@0)
                 	LD   R0,X+
                 	LD   R27,X
                 	MOV  R26,R0
                 	.ENDM
                 
                 	.MACRO __GETD2SX
                 	MOVW R26,R28
                 	SUBI R26,LOW(-@0)
                 	SBCI R27,HIGH(-@0)
                 	LD   R0,X+
                 	LD   R1,X+
                 	LD   R24,X+
                 	LD   R25,X
                 	MOVW R26,R0
                 	.ENDM
                 
                 	.MACRO __GETBRSX
                 	MOVW R30,R28
                 	SUBI R30,LOW(-@1)
                 	SBCI R31,HIGH(-@1)
                 	LD   R@0,Z
                 	.ENDM
                 
                 	.MACRO __GETWRSX
                 	MOVW R30,R28
                 	SUBI R30,LOW(-@2)
                 	SBCI R31,HIGH(-@2)
                 	LD   R@0,Z+
                 	LD   R@1,Z
                 	.ENDM
                 
                 	.MACRO __GETBRSX2
                 	MOVW R26,R28
                 	SUBI R26,LOW(-@1)
                 	SBCI R27,HIGH(-@1)
                 	LD   R@0,X
                 	.ENDM
                 
                 	.MACRO __GETWRSX2
                 	MOVW R26,R28
                 	SUBI R26,LOW(-@2)
                 	SBCI R27,HIGH(-@2)
                 	LD   R@0,X+
                 	LD   R@1,X
                 	.ENDM
                 
                 	.MACRO __LSLW8SX
                 	MOVW R30,R28
                 	SUBI R30,LOW(-@0)
                 	SBCI R31,HIGH(-@0)
                 	LD   R31,Z
                 	CLR  R30
                 	.ENDM
                 
                 	.MACRO __PUTB1SX
                 	MOVW R26,R28
                 	SUBI R26,LOW(-@0)
                 	SBCI R27,HIGH(-@0)
                 	ST   X,R30
                 	.ENDM
                 
                 	.MACRO __PUTW1SX
                 	MOVW R26,R28
                 	SUBI R26,LOW(-@0)
                 	SBCI R27,HIGH(-@0)
                 	ST   X+,R30
                 	ST   X,R31
                 	.ENDM
                 
                 	.MACRO __PUTD1SX
                 	MOVW R26,R28
                 	SUBI R26,LOW(-@0)
                 	SBCI R27,HIGH(-@0)
                 	ST   X+,R30
                 	ST   X+,R31
                 	ST   X+,R22
                 	ST   X,R23
                 	.ENDM
                 
                 	.MACRO __CLRW1SX
                 	MOVW R26,R28
                 	SUBI R26,LOW(-@0)
                 	SBCI R27,HIGH(-@0)
                 	ST   X+,R30
                 	ST   X,R30
                 	.ENDM
                 
                 	.MACRO __CLRD1SX
                 	MOVW R26,R28
                 	SUBI R26,LOW(-@0)
                 	SBCI R27,HIGH(-@0)
                 	ST   X+,R30
                 	ST   X+,R30
                 	ST   X+,R30
                 	ST   X,R30
                 	.ENDM
                 
                 	.MACRO __PUTB2SX
                 	MOVW R30,R28
                 	SUBI R30,LOW(-@0)
                 	SBCI R31,HIGH(-@0)
                 	ST   Z,R26
                 	.ENDM
                 
                 	.MACRO __PUTW2SX
                 	MOVW R30,R28
                 	SUBI R30,LOW(-@0)
                 	SBCI R31,HIGH(-@0)
                 	ST   Z+,R26
                 	ST   Z,R27
                 	.ENDM
                 
                 	.MACRO __PUTD2SX
                 	MOVW R30,R28
                 	SUBI R30,LOW(-@0)
                 	SBCI R31,HIGH(-@0)
                 	ST   Z+,R26
                 	ST   Z+,R27
                 	ST   Z+,R24
                 	ST   Z,R25
                 	.ENDM
                 
                 	.MACRO __PUTBSRX
                 	MOVW R30,R28
                 	SUBI R30,LOW(-@1)
                 	SBCI R31,HIGH(-@1)
                 	ST   Z,R@0
                 	.ENDM
                 
                 	.MACRO __PUTWSRX
                 	MOVW R30,R28
                 	SUBI R30,LOW(-@2)
                 	SBCI R31,HIGH(-@2)
                 	ST   Z+,R@0
                 	ST   Z,R@1
                 	.ENDM
                 
                 	.MACRO __PUTB1SNX
                 	MOVW R26,R28
                 	SUBI R26,LOW(-@0)
                 	SBCI R27,HIGH(-@0)
                 	LD   R0,X+
                 	LD   R27,X
                 	MOV  R26,R0
                 	SUBI R26,LOW(-@1)
                 	SBCI R27,HIGH(-@1)
                 	ST   X,R30
                 	.ENDM
                 
                 	.MACRO __PUTW1SNX
                 	MOVW R26,R28
                 	SUBI R26,LOW(-@0)
                 	SBCI R27,HIGH(-@0)
                 	LD   R0,X+
                 	LD   R27,X
                 	MOV  R26,R0
                 	SUBI R26,LOW(-@1)
                 	SBCI R27,HIGH(-@1)
                 	ST   X+,R30
                 	ST   X,R31
                 	.ENDM
                 
                 	.MACRO __PUTD1SNX
                 	MOVW R26,R28
                 	SUBI R26,LOW(-@0)
                 	SBCI R27,HIGH(-@0)
                 	LD   R0,X+
                 	LD   R27,X
                 	MOV  R26,R0
                 	SUBI R26,LOW(-@1)
                 	SBCI R27,HIGH(-@1)
                 	ST   X+,R30
                 	ST   X+,R31
                 	ST   X+,R22
                 	ST   X,R23
                 	.ENDM
                 
                 	.MACRO __MULBRR
                 	MULS R@0,R@1
                 	MOVW R30,R0
                 	.ENDM
                 
                 	.MACRO __MULBRRU
                 	MUL  R@0,R@1
                 	MOVW R30,R0
                 	.ENDM
                 
                 	.MACRO __MULBRR0
                 	MULS R@0,R@1
                 	.ENDM
                 
                 	.MACRO __MULBRRU0
                 	MUL  R@0,R@1
                 	.ENDM
                 
                 	.MACRO __MULBNWRU
                 	LDI  R26,@2
                 	MUL  R26,R@0
                 	MOVW R30,R0
                 	MUL  R26,R@1
                 	ADD  R31,R0
                 	.ENDM
                 
                 ;NAME DEFINITIONS FOR GLOBAL VARIABLES ALLOCATED TO REGISTERS
                 	.DEF _PAUSE=R4
                 	.DEF _PAUSE_msb=R5
                 	.DEF _ENDLINE=R6
                 	.DEF _ENDLINE_msb=R7
                 	.DEF _ONE=R8
                 	.DEF _ONE_msb=R9
                 	.DEF _NEXT=R10
                 	.DEF _NEXT_msb=R11
                 	.DEF _step1=R12
                 	.DEF _step1_msb=R13
                 
                 	.CSEG
                 	.ORG 0x00
                 
                 ;START OF CODE MARKER
                 __START_OF_CODE:
                 
                 ;INTERRUPT VECTORS
000000 940c 0074 	JMP  __RESET
000002 940c 0000 	JMP  0x00
000004 940c 0000 	JMP  0x00
000006 940c 0000 	JMP  0x00
000008 940c 0000 	JMP  0x00
00000a 940c 0000 	JMP  0x00
00000c 940c 0000 	JMP  0x00
00000e 940c 0000 	JMP  0x00
000010 940c 0000 	JMP  0x00
000012 940c 0000 	JMP  0x00
000014 940c 0000 	JMP  0x00
000016 940c 0000 	JMP  0x00
000018 940c 027e 	JMP  _timer1_compa_isr
00001a 940c 0295 	JMP  _timer1_compb_isr
00001c 940c 0000 	JMP  0x00
00001e 940c 0000 	JMP  0x00
000020 940c 0000 	JMP  0x00
000022 940c 0000 	JMP  0x00
000024 940c 01d5 	JMP  _usart0_rxc
000026 940c 02cb 	JMP  _usart0_dre
000028 940c 0000 	JMP  0x00
00002a 940c 0000 	JMP  0x00
00002c 940c 0000 	JMP  0x00
00002e 940c 0000 	JMP  0x00
000030 940c 0000 	JMP  0x00
000032 940c 0000 	JMP  0x00
000034 940c 0000 	JMP  0x00
000036 940c 0000 	JMP  0x00
000038 940c 0000 	JMP  0x00
00003a 940c 0000 	JMP  0x00
00003c 940c 0000 	JMP  0x00
00003e 940c 0000 	JMP  0x00
000040 940c 0000 	JMP  0x00
000042 940c 0000 	JMP  0x00
000044 940c 0000 	JMP  0x00
                 
                 _tbl10_G100:
000046 2710
000047 03e8
000048 0064
000049 000a      	.DB  0x10,0x27,0xE8,0x3,0x64,0x0,0xA,0x0
00004a 0001      	.DB  0x1,0x0
                 _tbl16_G100:
00004b 1000
00004c 0100
00004d 0010
00004e 0001      	.DB  0x0,0x10,0x0,0x1,0x10,0x0,0x1,0x0
                 
                 ;GLOBAL REGISTER VARIABLES INITIALIZATION
                 __REG_VARS:
00004f 2af8
000050 9c40      	.DB  0xF8,0x2A,0x40,0x9C
000051 0e10
000052 0a28      	.DB  0x10,0xE,0x28,0xA
000053 0000      	.DB  0x0,0x0
                 
                 _0x3:
000054 0578      	.DB  0x78,0x5
                 _0x4:
000055 0578      	.DB  0x78,0x5
                 _0x0:
000056 0031
000057 0035
000058 0032
000059 0033      	.DB  0x31,0x0,0x35,0x0,0x32,0x0,0x33,0x0
00005a 0034      	.DB  0x34,0x0
                 
                 __GLOBAL_INI_TBL:
00005b 000a      	.DW  0x0A
00005c 0004      	.DW  0x04
00005d 009e      	.DW  __REG_VARS*2
                 
00005e 0002      	.DW  0x02
00005f 0521      	.DW  _sp1
000060 00a8      	.DW  _0x3*2
                 
000061 0002      	.DW  0x02
000062 0523      	.DW  _sp2
000063 00aa      	.DW  _0x4*2
                 
000064 0002      	.DW  0x02
000065 0500      	.DW  _0x2B
000066 00ac      	.DW  _0x0*2
                 
000067 0002      	.DW  0x02
000068 0502      	.DW  _0x2B+2
000069 00ae      	.DW  _0x0*2+2
                 
00006a 0002      	.DW  0x02
00006b 0504      	.DW  _0x2B+4
00006c 00b0      	.DW  _0x0*2+4
                 
00006d 0002      	.DW  0x02
00006e 0506      	.DW  _0x2B+6
00006f 00b2      	.DW  _0x0*2+6
                 
000070 0002      	.DW  0x02
000071 0508      	.DW  _0x2B+8
000072 00b4      	.DW  _0x0*2+8
                 
                 _0xFFFFFFFF:
000073 0000      	.DW  0
                 
                 #define __GLOBAL_INI_TBL_PRESENT 1
                 
                 __RESET:
000074 94f8      	CLI
000075 27ee      	CLR  R30
000076 bbec      	OUT  EECR,R30
                 
                 ;INTERRUPT VECTORS ARE PLACED
                 ;AT THE START OF FLASH
000077 e0f1      	LDI  R31,1
000078 bff5      	OUT  MCUCR,R31
000079 bfe5      	OUT  MCUCR,R30
00007a 93e0 006c 	STS  XMCRB,R30
                 
                 ;CLEAR R2-R14
00007c e08d      	LDI  R24,(14-2)+1
00007d e0a2      	LDI  R26,2
00007e 27bb      	CLR  R27
                 __CLEAR_REG:
00007f 93ed      	ST   X+,R30
000080 958a      	DEC  R24
000081 f7e9      	BRNE __CLEAR_REG
                 
                 ;CLEAR SRAM
000082 e080      	LDI  R24,LOW(__CLEAR_SRAM_SIZE)
000083 e190      	LDI  R25,HIGH(__CLEAR_SRAM_SIZE)
000084 e0a0      	LDI  R26,LOW(__SRAM_START)
000085 e0b1      	LDI  R27,HIGH(__SRAM_START)
                 __CLEAR_SRAM:
000086 93ed      	ST   X+,R30
000087 9701      	SBIW R24,1
000088 f7e9      	BRNE __CLEAR_SRAM
                 
                 ;GLOBAL VARIABLES INITIALIZATION
000089 ebe6      	LDI  R30,LOW(__GLOBAL_INI_TBL*2)
00008a e0f0      	LDI  R31,HIGH(__GLOBAL_INI_TBL*2)
                 __GLOBAL_INI_NEXT:
00008b 9185      	LPM  R24,Z+
00008c 9195      	LPM  R25,Z+
00008d 9700      	SBIW R24,0
00008e f061      	BREQ __GLOBAL_INI_END
00008f 91a5      	LPM  R26,Z+
000090 91b5      	LPM  R27,Z+
000091 9005      	LPM  R0,Z+
000092 9015      	LPM  R1,Z+
000093 01bf      	MOVW R22,R30
000094 01f0      	MOVW R30,R0
                 __GLOBAL_INI_LOOP:
000095 9005      	LPM  R0,Z+
000096 920d      	ST   X+,R0
000097 9701      	SBIW R24,1
000098 f7e1      	BRNE __GLOBAL_INI_LOOP
000099 01fb      	MOVW R30,R22
00009a cff0      	RJMP __GLOBAL_INI_NEXT
                 __GLOBAL_INI_END:
                 
00009b bf8b      	OUT  RAMPZ,R24
                 
                 ;HARDWARE STACK POINTER INITIALIZATION
00009c efef      	LDI  R30,LOW(__SRAM_END-__HEAP_SIZE)
00009d bfed      	OUT  SPL,R30
00009e e1e0      	LDI  R30,HIGH(__SRAM_END-__HEAP_SIZE)
00009f bfee      	OUT  SPH,R30
                 
                 ;DATA STACK POINTER INITIALIZATION
0000a0 e0c0      	LDI  R28,LOW(__SRAM_START+__DSTACK_SIZE)
0000a1 e0d5      	LDI  R29,HIGH(__SRAM_START+__DSTACK_SIZE)
                 
0000a2 940c 02d2 	JMP  _main
                 
                 	.ESEG
                 	.ORG 0
                 
                 	.DSEG
                 	.ORG 0x500
                 
                 	.CSEG
                 ;#include <delay.h>
                 ;#include <mega128.h>
                 	#ifndef __SLEEP_DEFINED__
                 	#define __SLEEP_DEFINED__
                 	.EQU __se_bit=0x20
                 	.EQU __sm_mask=0x1C
                 	.EQU __sm_powerdown=0x10
                 	.EQU __sm_powersave=0x18
                 	.EQU __sm_standby=0x14
                 	.EQU __sm_ext_standby=0x1C
                 	.EQU __sm_adc_noise_red=0x08
                 	.SET power_ctrl_reg=mcucr
                 	#endif
                 ;#include <stdio.h>
                 ;
                 ;#define m0_on PORTA&=0xFE
                 ;#define m1_on PORTA&=0xFD
                 ;#define m2_on PORTA&=0xFB
                 ;#define m3_on PORTA&=0xF7
                 ;
                 ;#define m0_off PORTA|=0x01
                 ;#define m1_off PORTA|=0x02
                 ;#define m2_off PORTA|=0x04
                 ;#define m3_off PORTA|=0x08
                 ;
                 ;#define m0_t PORTA^=0x01
                 ;#define m1_t PORTA^=0x02
                 ;#define m2_t PORTA^=0x04
                 ;#define m3_t PORTA^=0x08
                 ;
                 ;#define g1_on TIMSK|=0x10
                 ;#define g2_on TIMSK|=0x08
                 ;
                 ;#define g1_off TIMSK&=0xEF
                 ;#define g2_off TIMSK&=0xF7
                 ;
                 ;#define forward PORTB|=0x10 //PORTB4=1
                 ;#define backward PORTB&=0xEF //PORTB4=0
                 ;
                 ;#define buzzer_on  PORTA|=0x10 //PORTA4=1      0001 0000
                 ;#define buzzer_off  PORTA&=0xEF //PORTA4=0      1110 1111
                 ;#define buzzer_t PORTA^=0x10
                 ;
                 ;unsigned int PAUSE=11000; //디스펜서까지의 거리
                 ;unsigned int ENDLINE=40000; //끝까지의 스텝수 저장 상수
                 ;unsigned int ONE=3600; //한 알  스텝 수 저장 상수
                 ;unsigned int NEXT=2600; //약통의 다음칸으로 이동할 스텝수 저장 상수
                 ;
                 ;unsigned int step1=0; //디스펜서의 현재 스텝 저장 변수
                 ;unsigned int step2=0; //이동모터의 현재 스텝 저장 변수
                 ;
                 ;unsigned char start=0;
                 ;unsigned int target=0;
                 ;unsigned int position=0; //현재 위치
                 ;
                 ;unsigned int txdata=0; //시리얼 통신의 송신데이터 저장 변수
                 ;unsigned char rxdata=0; //시리얼 통신의 수신데이터 저장 변수
                 ;unsigned char pill0[3]={0,0,0}; //[현재 몇 알 줬는지, 한번에 몇 알, 하루에 몇 번] 순으로 저장
                 ;unsigned char pill1[3]={0,0,0};
                 ;unsigned char pill2[3]={0,0,0};
                 ;unsigned char unit[3]={0,0,0}; //[약 종류, 한 번에 몇 알, 하루에 몇 번] 순으로 저장
                 ;unsigned char index=0;
                 ;
                 ;unsigned int sp1=1400;
                 
                 	.DSEG
                 ;unsigned int sp2=1400;
                 ;
                 ;void init(){
                 ; 0000 0038 void init(){
                 
                 	.CSEG
                 _init:
                 ; .FSTART _init
                 ; 0000 0039     unsigned char i;
                 ; 0000 003A     txdata=0;
0000a4 931a      	ST   -Y,R17
                 ;	i -> R17
0000a5 e0e0      	LDI  R30,LOW(0)
0000a6 93e0 0511 	STS  _txdata,R30
0000a8 93e0 0512 	STS  _txdata+1,R30
                 ; 0000 003B     rxdata=0;
0000aa 93e0 0513 	STS  _rxdata,R30
                 ; 0000 003C     step1=0;
0000ac 24cc      	CLR  R12
0000ad 24dd      	CLR  R13
                 ; 0000 003D     step2=0;
0000ae 93e0 050a 	STS  _step2,R30
0000b0 93e0 050b 	STS  _step2+1,R30
                 ; 0000 003E     m0_off;
0000b2 9ad8      	SBI  0x1B,0
                 ; 0000 003F     m1_off;
0000b3 9ad9      	SBI  0x1B,1
                 ; 0000 0040     m2_off;
0000b4 9ada      	SBI  0x1B,2
                 ; 0000 0041     m3_off;
0000b5 9adb      	SBI  0x1B,3
                 ; 0000 0042     g1_off;
0000b6 b7e7      	IN   R30,0x37
0000b7 7eef      	ANDI R30,0xEF
0000b8 bfe7      	OUT  0x37,R30
                 ; 0000 0043     g2_off;
0000b9 b7e7      	IN   R30,0x37
0000ba 7fe7      	ANDI R30,0XF7
0000bb bfe7      	OUT  0x37,R30
                 ; 0000 0044     index=0;
0000bc e0e0      	LDI  R30,LOW(0)
0000bd 93e0 0520 	STS  _index,R30
                 ; 0000 0045     for(i=0; i<3; i++)
0000bf e010      	LDI  R17,LOW(0)
                 _0x6:
0000c0 3013      	CPI  R17,3
0000c1 f490      	BRSH _0x7
                 ; 0000 0046     {
                 ; 0000 0047         pill0[i]=0;
0000c2 2fe1      	MOV  R30,R17
0000c3 e0f0      	LDI  R31,0
0000c4 5eec      	SUBI R30,LOW(-_pill0)
0000c5 4ffa      	SBCI R31,HIGH(-_pill0)
0000c6 e0a0      	LDI  R26,LOW(0)
0000c7 83a0      	STD  Z+0,R26
                 ; 0000 0048         pill1[i]=0;
0000c8 2fe1      	MOV  R30,R17
0000c9 e0f0      	LDI  R31,0
0000ca 5ee9      	SUBI R30,LOW(-_pill1)
0000cb 4ffa      	SBCI R31,HIGH(-_pill1)
0000cc 83a0      	STD  Z+0,R26
                 ; 0000 0049         pill2[i]=0;
0000cd 2fe1      	MOV  R30,R17
0000ce e0f0      	LDI  R31,0
0000cf 5ee6      	SUBI R30,LOW(-_pill2)
0000d0 4ffa      	SBCI R31,HIGH(-_pill2)
0000d1 83a0      	STD  Z+0,R26
                 ; 0000 004A     }
0000d2 5f1f      	SUBI R17,-1
0000d3 cfec      	RJMP _0x6
                 _0x7:
                 ; 0000 004B }
0000d4 9119      	LD   R17,Y+
0000d5 9508      	RET
                 ; .FEND
                 ;void BTinit(void)
                 ; 0000 004D {
                 _BTinit:
                 ; .FSTART _BTinit
                 ; 0000 004E     UCSR0A=0x00;
0000d6 e0e0      	LDI  R30,LOW(0)
0000d7 b9eb      	OUT  0xB,R30
                 ; 0000 004F     UCSR0B=0x98;
0000d8 e9e8      	LDI  R30,LOW(152)
0000d9 b9ea      	OUT  0xA,R30
                 ; 0000 0050     UCSR0C=0x06;
0000da e0e6      	LDI  R30,LOW(6)
0000db 93e0 0095 	STS  149,R30
                 ; 0000 0051     UBRR0H=0;
0000dd e0e0      	LDI  R30,LOW(0)
0000de 93e0 0090 	STS  144,R30
                 ; 0000 0052     UBRR0L=103;
0000e0 e6e7      	LDI  R30,LOW(103)
0000e1 b9e9      	OUT  0x9,R30
                 ; 0000 0053 }
0000e2 9508      	RET
                 ; .FEND
                 ;
                 ;void transmit() //after setting txdata
                 ; 0000 0056 {
                 _transmit:
                 ; .FSTART _transmit
                 ; 0000 0057      UCSR0B |= 0x20;
0000e3 9a55      	SBI  0xA,5
                 ; 0000 0058      delay_ms(10);
0000e4 e0aa      	LDI  R26,LOW(10)
0000e5 e0b0      	LDI  R27,0
0000e6 940e 0315 	CALL _delay_ms
                 ; 0000 0059 }
0000e8 9508      	RET
                 ; .FEND
                 ;void string(char *str)
                 ; 0000 005B {
                 _string:
                 ; .FSTART _string
                 ; 0000 005C     unsigned int i=0;
                 ; 0000 005D     for(i=0; str[i]; i++)
0000e9 93ba      	ST   -Y,R27
0000ea 93aa      	ST   -Y,R26
0000eb 931a      	ST   -Y,R17
0000ec 930a      	ST   -Y,R16
                 ;	*str -> Y+2
                 ;	i -> R16,R17
                +
0000ed e000     +LDI R16 , LOW ( 0 )
0000ee e010     +LDI R17 , HIGH ( 0 )
                 	__GETWRN 16,17,0
                +
0000ef e000     +LDI R16 , LOW ( 0 )
0000f0 e010     +LDI R17 , HIGH ( 0 )
                 	__GETWRN 16,17,0
                 _0x9:
0000f1 940e 02f8 	CALL SUBOPT_0x0
0000f3 30e0      	CPI  R30,0
0000f4 f079      	BREQ _0xA
                 ; 0000 005E     {
                 ; 0000 005F         txdata=str[i];
0000f5 940e 02f8 	CALL SUBOPT_0x0
0000f7 e0f0      	LDI  R31,0
0000f8 93e0 0511 	STS  _txdata,R30
0000fa 93f0 0512 	STS  _txdata+1,R31
                 ; 0000 0060         transmit();
0000fc dfe6      	RCALL _transmit
                 ; 0000 0061         delay_ms(10);
0000fd e0aa      	LDI  R26,LOW(10)
0000fe e0b0      	LDI  R27,0
0000ff 940e 0315 	CALL _delay_ms
                 ; 0000 0062     }
                +
000101 5f0f     +SUBI R16 , LOW ( - 1 )
000102 4f1f     +SBCI R17 , HIGH ( - 1 )
                 	__ADDWRN 16,17,1
000103 cfed      	RJMP _0x9
                 _0xA:
                 ; 0000 0063 }
000104 8119      	LDD  R17,Y+1
000105 8108      	LDD  R16,Y+0
000106 9624      	ADIW R28,4
000107 9508      	RET
                 ; .FEND
                 ;void beep(unsigned int n){
                 ; 0000 0064 void beep(unsigned int n){
                 _beep:
                 ; .FSTART _beep
                 ; 0000 0065     buzzer_on;
000108 93ba      	ST   -Y,R27
000109 93aa      	ST   -Y,R26
                 ;	n -> Y+0
00010a 9adc      	SBI  0x1B,4
                 ; 0000 0066     delay_ms(n);
00010b 81a8      	LD   R26,Y
00010c 81b9      	LDD  R27,Y+1
00010d 940e 0315 	CALL _delay_ms
                 ; 0000 0067     buzzer_off;
00010f 98dc      	CBI  0x1B,4
                 ; 0000 0068 }
000110 c06c      	RJMP _0x2060002
                 ; .FEND
                 ;void vel_f5()
                 ; 0000 006A {
                 _vel_f5:
                 ; .FSTART _vel_f5
                 ; 0000 006B     OCR1AH=(sp1>>8);
000111 91e0 0522 	LDS  R30,_sp1+1
000113 70f0      	ANDI R31,HIGH(0x0)
000114 bdeb      	OUT  0x2B,R30
                 ; 0000 006C     OCR1AL=sp1;
000115 91e0 0521 	LDS  R30,_sp1
000117 bdea      	OUT  0x2A,R30
                 ; 0000 006D     OCR1BH=(sp2>>8);
000118 91e0 0524 	LDS  R30,_sp2+1
00011a 70f0      	ANDI R31,HIGH(0x0)
00011b bde9      	OUT  0x29,R30
                 ; 0000 006E     OCR1BL=sp2;
00011c 91e0 0523 	LDS  R30,_sp2
00011e bde8      	OUT  0x28,R30
                 ; 0000 006F }
00011f 9508      	RET
                 ; .FEND
                 ;
                 ;void wait(unsigned int t)
                 ; 0000 0072 {
                 _wait:
                 ; .FSTART _wait
                 ; 0000 0073     delay_ms(t);
000120 93ba      	ST   -Y,R27
000121 93aa      	ST   -Y,R26
                 ;	t -> Y+0
000122 81a8      	LD   R26,Y
000123 81b9      	LDD  R27,Y+1
000124 940e 0315 	CALL _delay_ms
                 ; 0000 0074 }
000126 c056      	RJMP _0x2060002
                 ; .FEND
                 ;void motor0()
                 ; 0000 0076 {
                 _motor0:
                 ; .FSTART _motor0
                 ; 0000 0077     m0_on;
000127 98d8      	CBI  0x1B,0
                 ; 0000 0078     g1_on;
000128 b7e7      	IN   R30,0x37
000129 61e0      	ORI  R30,0x10
00012a c00b      	RJMP _0x2060003
                 ; 0000 0079 }
                 ; .FEND
                 ;void motor1()
                 ; 0000 007B {
                 _motor1:
                 ; .FSTART _motor1
                 ; 0000 007C     m1_on;
00012b 98d9      	CBI  0x1B,1
                 ; 0000 007D     g1_on;
00012c b7e7      	IN   R30,0x37
00012d 61e0      	ORI  R30,0x10
00012e c007      	RJMP _0x2060003
                 ; 0000 007E }
                 ; .FEND
                 ;void motor2()
                 ; 0000 0080 {
                 _motor2:
                 ; .FSTART _motor2
                 ; 0000 0081     m2_on;
00012f 98da      	CBI  0x1B,2
                 ; 0000 0082     g1_on;
000130 b7e7      	IN   R30,0x37
000131 61e0      	ORI  R30,0x10
000132 c003      	RJMP _0x2060003
                 ; 0000 0083 
                 ; 0000 0084 }
                 ; .FEND
                 ;void motor3()
                 ; 0000 0086 {
                 _motor3:
                 ; .FSTART _motor3
                 ; 0000 0087     m3_on;
000133 98db      	CBI  0x1B,3
                 ; 0000 0088     g2_on;
000134 b7e7      	IN   R30,0x37
000135 60e8      	ORI  R30,8
                 _0x2060003:
000136 bfe7      	OUT  0x37,R30
                 ; 0000 0089 }
000137 9508      	RET
                 ; .FEND
                 ;void give0() //timer1a
                 ; 0000 008B {
                 _give0:
                 ; .FSTART _give0
                 ; 0000 008C     for(pill0[0]=0;pill0[0]<pill0[1];pill0[0]++)      //[한번에 먹는 약만큼]
000138 e0e0      	LDI  R30,LOW(0)
000139 93e0 0514 	STS  _pill0,R30
                 _0xC:
                +
00013b 91e0 0515+LDS R30 , _pill0 + ( 1 )
                 	__GETB1MN _pill0,1
00013d 91a0 0514 	LDS  R26,_pill0
00013f 17ae      	CP   R26,R30
000140 f448      	BRSH _0xD
                 ; 0000 008D     {
                 ; 0000 008E         motor0();
000141 dfe5      	RCALL _motor0
                 ; 0000 008F         wait(ONE);
000142 01d4      	MOVW R26,R8
000143 dfdc      	RCALL _wait
                 ; 0000 0090     }
000144 91e0 0514 	LDS  R30,_pill0
000146 5fef      	SUBI R30,-LOW(1)
000147 93e0 0514 	STS  _pill0,R30
000149 cff1      	RJMP _0xC
                 _0xD:
                 ; 0000 0091 }
00014a 9508      	RET
                 ; .FEND
                 ;
                 ;void give1()
                 ; 0000 0094 {
                 _give1:
                 ; .FSTART _give1
                 ; 0000 0095     for(pill1[0]=0;pill1[0]<pill1[1];pill1[0]++)
00014b e0e0      	LDI  R30,LOW(0)
00014c 93e0 0517 	STS  _pill1,R30
                 _0xF:
                +
00014e 91e0 0518+LDS R30 , _pill1 + ( 1 )
                 	__GETB1MN _pill1,1
000150 91a0 0517 	LDS  R26,_pill1
000152 17ae      	CP   R26,R30
000153 f448      	BRSH _0x10
                 ; 0000 0096     {
                 ; 0000 0097        motor1();
000154 dfd6      	RCALL _motor1
                 ; 0000 0098        wait(ONE);
000155 01d4      	MOVW R26,R8
000156 dfc9      	RCALL _wait
                 ; 0000 0099     }
000157 91e0 0517 	LDS  R30,_pill1
000159 5fef      	SUBI R30,-LOW(1)
00015a 93e0 0517 	STS  _pill1,R30
00015c cff1      	RJMP _0xF
                 _0x10:
                 ; 0000 009A }
00015d 9508      	RET
                 ; .FEND
                 ;
                 ;void give2()
                 ; 0000 009D {
                 _give2:
                 ; .FSTART _give2
                 ; 0000 009E     for(pill2[0]=0;pill2[0]<pill2[1];pill2[0]++)
00015e e0e0      	LDI  R30,LOW(0)
00015f 93e0 051a 	STS  _pill2,R30
                 _0x12:
                +
000161 91e0 051b+LDS R30 , _pill2 + ( 1 )
                 	__GETB1MN _pill2,1
000163 91a0 051a 	LDS  R26,_pill2
000165 17ae      	CP   R26,R30
000166 f448      	BRSH _0x13
                 ; 0000 009F     {
                 ; 0000 00A0          motor2();
000167 dfc7      	RCALL _motor2
                 ; 0000 00A1          wait(ONE);
000168 01d4      	MOVW R26,R8
000169 dfb6      	RCALL _wait
                 ; 0000 00A2     }
00016a 91e0 051a 	LDS  R30,_pill2
00016c 5fef      	SUBI R30,-LOW(1)
00016d 93e0 051a 	STS  _pill2,R30
00016f cff1      	RJMP _0x12
                 _0x13:
                 ; 0000 00A3 }
000170 9508      	RET
                 ; .FEND
                 ;
                 ;void go(unsigned int t)
                 ; 0000 00A6 {
                 _go:
                 ; .FSTART _go
                 ; 0000 00A7     target=t;
000171 93ba      	ST   -Y,R27
000172 93aa      	ST   -Y,R26
                 ;	t -> Y+0
000173 81e8      	LD   R30,Y
000174 81f9      	LDD  R31,Y+1
000175 93e0 050d 	STS  _target,R30
000177 93f0 050e 	STS  _target+1,R31
                 ; 0000 00A8     motor3();
000179 dfb9      	RCALL _motor3
                 ; 0000 00A9     wait(t);
00017a 81a8      	LD   R26,Y
00017b 81b9      	LDD  R27,Y+1
00017c dfa3      	RCALL _wait
                 ; 0000 00AA }
                 _0x2060002:
00017d 9622      	ADIW R28,2
00017e 9508      	RET
                 ; .FEND
                 ;
                 ;char str2int(char str){ //시리얼 통신의 char data 변환
                 ; 0000 00AC char str2int(char str){
                 _str2int:
                 ; .FSTART _str2int
                 ; 0000 00AD     if(str=='1') return 1;
00017f 93aa      	ST   -Y,R26
                 ;	str -> Y+0
000180 81a8      	LD   R26,Y
000181 33a1      	CPI  R26,LOW(0x31)
000182 f411      	BRNE _0x14
000183 e0e1      	LDI  R30,LOW(1)
000184 c00e      	RJMP _0x2060001
                 ; 0000 00AE     else if(str=='2') return 2;
                 _0x14:
000185 81a8      	LD   R26,Y
000186 33a2      	CPI  R26,LOW(0x32)
000187 f411      	BRNE _0x16
000188 e0e2      	LDI  R30,LOW(2)
000189 c009      	RJMP _0x2060001
                 ; 0000 00AF     else if(str=='3') return 3;
                 _0x16:
00018a 81a8      	LD   R26,Y
00018b 33a3      	CPI  R26,LOW(0x33)
00018c f411      	BRNE _0x18
00018d e0e3      	LDI  R30,LOW(3)
00018e c004      	RJMP _0x2060001
                 ; 0000 00B0     else if(str=='0') return 0;
                 _0x18:
00018f 81a8      	LD   R26,Y
000190 33a0      	CPI  R26,LOW(0x30)
000191 f409      	BRNE _0x1A
000192 e0e0      	LDI  R30,LOW(0)
                 ; 0000 00B1 }
                 _0x1A:
                 _0x2060001:
000193 9621      	ADIW R28,1
000194 9508      	RET
                 ; .FEND
                 ;
                 ;void run(){
                 ; 0000 00B3 void run(){
                 _run:
                 ; .FSTART _run
                 ; 0000 00B4     unsigned char days=0;
                 ; 0000 00B5     unsigned char meals=1;
                 ; 0000 00B6     forward;
000195 931a      	ST   -Y,R17
000196 930a      	ST   -Y,R16
                 ;	days -> R17
                 ;	meals -> R16
000197 e010      	LDI  R17,0
000198 e001      	LDI  R16,1
000199 9ac4      	SBI  0x18,4
                 ; 0000 00B7     go(PAUSE);
00019a 01d2      	MOVW R26,R4
00019b dfd5      	RCALL _go
                 ; 0000 00B8    for(days=0; days<2;days++)//약을 며칠 복용하는지에 따라 다르게 수행
00019c e010      	LDI  R17,LOW(0)
                 _0x1C:
00019d 3012      	CPI  R17,2
00019e f518      	BRSH _0x1D
                 ; 0000 00B9     {
                 ; 0000 00BA         for(meals=1; meals<=3; meals++) //아침,점심,저녁 약을 [하루 복용수]에 맞게
00019f e001      	LDI  R16,LOW(1)
                 _0x1F:
0001a0 3004      	CPI  R16,4
0001a1 f4b8      	BRSH _0x20
                 ; 0000 00BB         {
                 ; 0000 00BC             if (meals<=pill0[2]) give0();  //하루에 몇번 넣었는지가 [하루 복용횟수] 보다 적거나 같을 경우 실행
                +
0001a2 91e0 0516+LDS R30 , _pill0 + ( 2 )
                 	__GETB1MN _pill0,2
0001a4 17e0      	CP   R30,R16
0001a5 f008      	BRLO _0x21
0001a6 df91      	RCALL _give0
                 ; 0000 00BD             if (meals<=pill1[2]) give1();
                 _0x21:
                +
0001a7 91e0 0519+LDS R30 , _pill1 + ( 2 )
                 	__GETB1MN _pill1,2
0001a9 17e0      	CP   R30,R16
0001aa f008      	BRLO _0x22
0001ab df9f      	RCALL _give1
                 ; 0000 00BE             if (meals<=pill2[2]) give2();
                 _0x22:
                +
0001ac 91e0 051c+LDS R30 , _pill2 + ( 2 )
                 	__GETB1MN _pill2,2
0001ae 17e0      	CP   R30,R16
0001af f008      	BRLO _0x23
0001b0 dfad      	RCALL _give2
                 ; 0000 00BF             forward;
                 _0x23:
0001b1 9ac4      	SBI  0x18,4
                 ; 0000 00C0             beep(500);
0001b2 efa4      	LDI  R26,LOW(500)
0001b3 e0b1      	LDI  R27,HIGH(500)
0001b4 df53      	RCALL _beep
                 ; 0000 00C1             go(NEXT); //다음칸으로 이동
0001b5 01d5      	MOVW R26,R10
0001b6 dfba      	RCALL _go
                 ; 0000 00C2         }
0001b7 5f0f      	SUBI R16,-1
0001b8 cfe7      	RJMP _0x1F
                 _0x20:
                 ; 0000 00C3         delay_ms(100);
0001b9 e6a4      	LDI  R26,LOW(100)
0001ba e0b0      	LDI  R27,0
0001bb 940e 0315 	CALL _delay_ms
                 ; 0000 00C4         beep(500);
0001bd efa4      	LDI  R26,LOW(500)
0001be e0b1      	LDI  R27,HIGH(500)
0001bf df48      	RCALL _beep
                 ; 0000 00C5     }
0001c0 5f1f      	SUBI R17,-1
0001c1 cfdb      	RJMP _0x1C
                 _0x1D:
                 ; 0000 00C6     forward;
0001c2 9ac4      	SBI  0x18,4
                 ; 0000 00C7     go(ENDLINE-position);
0001c3 91a0 050f 	LDS  R26,_position
0001c5 91b0 0510 	LDS  R27,_position+1
0001c7 01f3      	MOVW R30,R6
0001c8 1bea      	SUB  R30,R26
0001c9 0bfb      	SBC  R31,R27
0001ca 01df      	MOVW R26,R30
0001cb dfa5      	RCALL _go
                 ; 0000 00C8 
                 ; 0000 00C9     backward;
0001cc 98c4      	CBI  0x18,4
                 ; 0000 00CA     go(ENDLINE); //back to start point
0001cd 01d3      	MOVW R26,R6
0001ce dfa2      	RCALL _go
                 ; 0000 00CB     start=0;
0001cf e0e0      	LDI  R30,LOW(0)
0001d0 93e0 050c 	STS  _start,R30
                 ; 0000 00CC 
                 ; 0000 00CD }
0001d2 9109      	LD   R16,Y+
0001d3 9119      	LD   R17,Y+
0001d4 9508      	RET
                 ; .FEND
                 ;
                 ;interrupt [USART0_RXC] void usart0_rxc(void) //수신
                 ; 0000 00D0 {
                 _usart0_rxc:
                 ; .FSTART _usart0_rxc
0001d5 920a      	ST   -Y,R0
0001d6 921a      	ST   -Y,R1
0001d7 92fa      	ST   -Y,R15
0001d8 936a      	ST   -Y,R22
0001d9 937a      	ST   -Y,R23
0001da 938a      	ST   -Y,R24
0001db 939a      	ST   -Y,R25
0001dc 93aa      	ST   -Y,R26
0001dd 93ba      	ST   -Y,R27
0001de 93ea      	ST   -Y,R30
0001df 93fa      	ST   -Y,R31
0001e0 b7ef      	IN   R30,SREG
0001e1 93ea      	ST   -Y,R30
                 ; 0000 00D1     rxdata=UDR0;
0001e2 b1ec      	IN   R30,0xC
0001e3 93e0 0513 	STS  _rxdata,R30
                 ; 0000 00D2     switch (rxdata)
0001e5 e0f0      	LDI  R31,0
                 ; 0000 00D3     {
                 ; 0000 00D4         case 'x':
0001e6 37e8      	CPI  R30,LOW(0x78)
0001e7 e0a0      	LDI  R26,HIGH(0x78)
0001e8 07fa      	CPC  R31,R26
0001e9 f429      	BRNE _0x27
                 ; 0000 00D5             m0_t;
0001ea b3eb      	IN   R30,0x1B
0001eb e0a1      	LDI  R26,LOW(1)
0001ec 27ea      	EOR  R30,R26
0001ed bbeb      	OUT  0x1B,R30
                 ; 0000 00D6             break;
0001ee c081      	RJMP _0x26
                 ; 0000 00D7         case 'y':
                 _0x27:
0001ef 37e9      	CPI  R30,LOW(0x79)
0001f0 e0a0      	LDI  R26,HIGH(0x79)
0001f1 07fa      	CPC  R31,R26
0001f2 f429      	BRNE _0x28
                 ; 0000 00D8             m3_t;
0001f3 b3eb      	IN   R30,0x1B
0001f4 e0a8      	LDI  R26,LOW(8)
0001f5 27ea      	EOR  R30,R26
0001f6 bbeb      	OUT  0x1B,R30
                 ; 0000 00D9             break;
0001f7 c078      	RJMP _0x26
                 ; 0000 00DA         case 'z':
                 _0x28:
0001f8 37ea      	CPI  R30,LOW(0x7A)
0001f9 e0a0      	LDI  R26,HIGH(0x7A)
0001fa 07fa      	CPC  R31,R26
0001fb f429      	BRNE _0x29
                 ; 0000 00DB             buzzer_t;
0001fc b3eb      	IN   R30,0x1B
0001fd e1a0      	LDI  R26,LOW(16)
0001fe 27ea      	EOR  R30,R26
0001ff bbeb      	OUT  0x1B,R30
                 ; 0000 00DC             break;
000200 c06f      	RJMP _0x26
                 ; 0000 00DD         case 's':
                 _0x29:
000201 37e3      	CPI  R30,LOW(0x73)
000202 e0a0      	LDI  R26,HIGH(0x73)
000203 07fa      	CPC  R31,R26
000204 f421      	BRNE _0x2A
                 ; 0000 00DE             init();
000205 de9e      	RCALL _init
                 ; 0000 00DF             string("1");
                +
000206 e0a0     +LDI R26 , LOW ( _0x2B + ( 0 ) )
000207 e0b5     +LDI R27 , HIGH ( _0x2B + ( 0 ) )
                 	__POINTW2MN _0x2B,0
000208 c066      	RJMP _0x47
                 ; 0000 00E0             break;
                 ; 0000 00E1         case 'e':
                 _0x2A:
000209 36e5      	CPI  R30,LOW(0x65)
00020a e0a0      	LDI  R26,HIGH(0x65)
00020b 07fa      	CPC  R31,R26
00020c f439      	BRNE _0x2C
                 ; 0000 00E2             string("5");
                +
00020d e0a2     +LDI R26 , LOW ( _0x2B + ( 2 ) )
00020e e0b5     +LDI R27 , HIGH ( _0x2B + ( 2 ) )
                 	__POINTW2MN _0x2B,2
00020f ded9      	RCALL _string
                 ; 0000 00E3             start=1;
000210 e0e1      	LDI  R30,LOW(1)
000211 93e0 050c 	STS  _start,R30
                 ; 0000 00E4             break;
000213 c05c      	RJMP _0x26
                 ; 0000 00E5         case 'a':
                 _0x2C:
000214 36e1      	CPI  R30,LOW(0x61)
000215 e0a0      	LDI  R26,HIGH(0x61)
000216 07fa      	CPC  R31,R26
000217 f021      	BREQ _0x2E
                 ; 0000 00E6         case 'b':
000218 36e2      	CPI  R30,LOW(0x62)
000219 e0a0      	LDI  R26,HIGH(0x62)
00021a 07fa      	CPC  R31,R26
00021b f409      	BRNE _0x2F
                 _0x2E:
                 ; 0000 00E7         case 'c':
00021c c004      	RJMP _0x30
                 _0x2F:
00021d 36e3      	CPI  R30,LOW(0x63)
00021e e0a0      	LDI  R26,HIGH(0x63)
00021f 07fa      	CPC  R31,R26
000220 f429      	BRNE _0x31
                 _0x30:
                 ; 0000 00E8             unit[index]=rxdata;
000221 940e 02ff 	CALL SUBOPT_0x1
                 ; 0000 00E9             index++;
                 ; 0000 00EA             string("2");
                +
000223 e0a4     +LDI R26 , LOW ( _0x2B + ( 4 ) )
000224 e0b5     +LDI R27 , HIGH ( _0x2B + ( 4 ) )
                 	__POINTW2MN _0x2B,4
000225 c049      	RJMP _0x47
                 ; 0000 00EB             break;
                 ; 0000 00EC         case '0':
                 _0x31:
000226 33e0      	CPI  R30,LOW(0x30)
000227 e0a0      	LDI  R26,HIGH(0x30)
000228 07fa      	CPC  R31,R26
000229 f021      	BREQ _0x33
                 ; 0000 00ED         case '1':
00022a 33e1      	CPI  R30,LOW(0x31)
00022b e0a0      	LDI  R26,HIGH(0x31)
00022c 07fa      	CPC  R31,R26
00022d f409      	BRNE _0x34
                 _0x33:
                 ; 0000 00EE         case '2':
00022e c004      	RJMP _0x35
                 _0x34:
00022f 33e2      	CPI  R30,LOW(0x32)
000230 e0a0      	LDI  R26,HIGH(0x32)
000231 07fa      	CPC  R31,R26
000232 f409      	BRNE _0x36
                 _0x35:
                 ; 0000 00EF         case '3':
000233 c004      	RJMP _0x37
                 _0x36:
000234 33e3      	CPI  R30,LOW(0x33)
000235 e0a0      	LDI  R26,HIGH(0x33)
000236 07fa      	CPC  R31,R26
000237 f5c1      	BRNE _0x26
                 _0x37:
                 ; 0000 00F0             unit[index]=rxdata;
000238 940e 02ff 	CALL SUBOPT_0x1
                 ; 0000 00F1             index++;
                 ; 0000 00F2             string("3");
                +
00023a e0a6     +LDI R26 , LOW ( _0x2B + ( 6 ) )
00023b e0b5     +LDI R27 , HIGH ( _0x2B + ( 6 ) )
                 	__POINTW2MN _0x2B,6
00023c deac      	RCALL _string
                 ; 0000 00F3             if(index==3)
00023d 91a0 0520 	LDS  R26,_index
00023f 30a3      	CPI  R26,LOW(0x3)
000240 f579      	BRNE _0x39
                 ; 0000 00F4             {
                 ; 0000 00F5                 index=0;
000241 e0e0      	LDI  R30,LOW(0)
000242 93e0 0520 	STS  _index,R30
                 ; 0000 00F6                 switch(unit[0])
000244 91e0 051d 	LDS  R30,_unit
000246 e0f0      	LDI  R31,0
                 ; 0000 00F7                 {
                 ; 0000 00F8                     case 'a' :
000247 36e1      	CPI  R30,LOW(0x61)
000248 e0a0      	LDI  R26,HIGH(0x61)
000249 07fa      	CPC  R31,R26
00024a f449      	BRNE _0x3D
                 ; 0000 00F9                         pill0[1]=str2int(unit[1]);
00024b 940e 030d 	CALL SUBOPT_0x2
                +
00024d 93e0 0515+STS _pill0 + ( 1 ) , R30
                 	__PUTB1MN _pill0,1
                 ; 0000 00FA                         pill0[2]=str2int(unit[2]);
00024f 940e 0311 	CALL SUBOPT_0x3
                +
000251 93e0 0516+STS _pill0 + ( 2 ) , R30
                 	__PUTB1MN _pill0,2
                 ; 0000 00FB                         break;
000253 c019      	RJMP _0x3C
                 ; 0000 00FC                     case 'b' :
                 _0x3D:
000254 36e2      	CPI  R30,LOW(0x62)
000255 e0a0      	LDI  R26,HIGH(0x62)
000256 07fa      	CPC  R31,R26
000257 f449      	BRNE _0x3E
                 ; 0000 00FD                         pill1[1]=str2int(unit[1]);
000258 940e 030d 	CALL SUBOPT_0x2
                +
00025a 93e0 0518+STS _pill1 + ( 1 ) , R30
                 	__PUTB1MN _pill1,1
                 ; 0000 00FE                         pill1[2]=str2int(unit[2]);
00025c 940e 0311 	CALL SUBOPT_0x3
                +
00025e 93e0 0519+STS _pill1 + ( 2 ) , R30
                 	__PUTB1MN _pill1,2
                 ; 0000 00FF                         break;
000260 c00c      	RJMP _0x3C
                 ; 0000 0100                     case 'c':
                 _0x3E:
000261 36e3      	CPI  R30,LOW(0x63)
000262 e0a0      	LDI  R26,HIGH(0x63)
000263 07fa      	CPC  R31,R26
000264 f441      	BRNE _0x3C
                 ; 0000 0101                         pill2[1]=str2int(unit[1]);
000265 940e 030d 	CALL SUBOPT_0x2
                +
000267 93e0 051b+STS _pill2 + ( 1 ) , R30
                 	__PUTB1MN _pill2,1
                 ; 0000 0102                         pill2[2]=str2int(unit[2]);
000269 940e 0311 	CALL SUBOPT_0x3
                +
00026b 93e0 051c+STS _pill2 + ( 2 ) , R30
                 	__PUTB1MN _pill2,2
                 ; 0000 0103                         break;
                 ; 0000 0104                 }
                 _0x3C:
                 ; 0000 0105                 string("4");
                +
00026d e0a8     +LDI R26 , LOW ( _0x2B + ( 8 ) )
00026e e0b5     +LDI R27 , HIGH ( _0x2B + ( 8 ) )
                 	__POINTW2MN _0x2B,8
                 _0x47:
00026f de79      	RCALL _string
                 ; 0000 0106              }
                 ; 0000 0107              break;
                 _0x39:
                 ; 0000 0108     }
                 _0x26:
                 ; 0000 0109 }
000270 91e9      	LD   R30,Y+
000271 bfef      	OUT  SREG,R30
000272 91f9      	LD   R31,Y+
000273 91e9      	LD   R30,Y+
000274 91b9      	LD   R27,Y+
000275 91a9      	LD   R26,Y+
000276 9199      	LD   R25,Y+
000277 9189      	LD   R24,Y+
000278 9179      	LD   R23,Y+
000279 9169      	LD   R22,Y+
00027a 90f9      	LD   R15,Y+
00027b 9019      	LD   R1,Y+
00027c 9009      	LD   R0,Y+
00027d 9518      	RETI
                 ; .FEND
                 
                 	.DSEG
                 _0x2B:
000500           	.BYTE 0xA
                 ;
                 ;interrupt [TIM1_COMPA] void timer1_compa_isr(void)
                 ; 0000 010C {
                 
                 	.CSEG
                 _timer1_compa_isr:
                 ; .FSTART _timer1_compa_isr
00027e 93ea      	ST   -Y,R30
00027f 93fa      	ST   -Y,R31
000280 b7ef      	IN   R30,SREG
000281 93ea      	ST   -Y,R30
                 ; 0000 010D     step1++;
000282 01f6      	MOVW R30,R12
000283 9631      	ADIW R30,1
000284 016f      	MOVW R12,R30
                 ; 0000 010E     if(step1>=ONE)
                +
000285 14c8     +CP R12 , R8
000286 04d9     +CPC R13 , R9
                 	__CPWRR 12,13,8,9
000287 f040      	BRLO _0x40
                 ; 0000 010F     {
                 ; 0000 0110         m0_off;
000288 9ad8      	SBI  0x1B,0
                 ; 0000 0111         m1_off;
000289 9ad9      	SBI  0x1B,1
                 ; 0000 0112         m2_off;
00028a 9ada      	SBI  0x1B,2
                 ; 0000 0113         g1_off; //disable ocie1a
00028b b7e7      	IN   R30,0x37
00028c 7eef      	ANDI R30,0xEF
00028d bfe7      	OUT  0x37,R30
                 ; 0000 0114         step1=0;
00028e 24cc      	CLR  R12
00028f 24dd      	CLR  R13
                 ; 0000 0115     }
                 ; 0000 0116 }
                 _0x40:
000290 91e9      	LD   R30,Y+
000291 bfef      	OUT  SREG,R30
000292 91f9      	LD   R31,Y+
000293 91e9      	LD   R30,Y+
000294 9518      	RETI
                 ; .FEND
                 ;interrupt [TIM1_COMPB] void timer1_compb_isr(void)
                 ; 0000 0118 {
                 _timer1_compb_isr:
                 ; .FSTART _timer1_compb_isr
000295 93aa      	ST   -Y,R26
000296 93ba      	ST   -Y,R27
000297 93ea      	ST   -Y,R30
000298 93fa      	ST   -Y,R31
000299 b7ef      	IN   R30,SREG
00029a 93ea      	ST   -Y,R30
                 ; 0000 0119     step2++;
00029b e0aa      	LDI  R26,LOW(_step2)
00029c e0b5      	LDI  R27,HIGH(_step2)
00029d 91ed      	LD   R30,X+
00029e 91fd      	LD   R31,X+
00029f 9631      	ADIW R30,1
0002a0 93fe      	ST   -X,R31
0002a1 93ee      	ST   -X,R30
                 ; 0000 011A     if(step2>=target)
0002a2 91e0 050d 	LDS  R30,_target
0002a4 91f0 050e 	LDS  R31,_target+1
0002a6 91a0 050a 	LDS  R26,_step2
0002a8 91b0 050b 	LDS  R27,_step2+1
0002aa 17ae      	CP   R26,R30
0002ab 07bf      	CPC  R27,R31
0002ac f0b8      	BRLO _0x41
                 ; 0000 011B     {
                 ; 0000 011C         m3_off;
0002ad 9adb      	SBI  0x1B,3
                 ; 0000 011D         g2_off; //disable ocie1b
0002ae b7e7      	IN   R30,0x37
0002af 7fe7      	ANDI R30,0XF7
0002b0 bfe7      	OUT  0x37,R30
                 ; 0000 011E         position+=step2;
0002b1 91e0 050a 	LDS  R30,_step2
0002b3 91f0 050b 	LDS  R31,_step2+1
0002b5 91a0 050f 	LDS  R26,_position
0002b7 91b0 0510 	LDS  R27,_position+1
0002b9 0fea      	ADD  R30,R26
0002ba 1ffb      	ADC  R31,R27
0002bb 93e0 050f 	STS  _position,R30
0002bd 93f0 0510 	STS  _position+1,R31
                 ; 0000 011F         step2=0;
0002bf e0e0      	LDI  R30,LOW(0)
0002c0 93e0 050a 	STS  _step2,R30
0002c2 93e0 050b 	STS  _step2+1,R30
                 ; 0000 0120     }
                 ; 0000 0121 }
                 _0x41:
0002c4 91e9      	LD   R30,Y+
0002c5 bfef      	OUT  SREG,R30
0002c6 91f9      	LD   R31,Y+
0002c7 91e9      	LD   R30,Y+
0002c8 91b9      	LD   R27,Y+
0002c9 91a9      	LD   R26,Y+
0002ca 9518      	RETI
                 ; .FEND
                 ;
                 ;interrupt [USART0_DRE] void usart0_dre(void)
                 ; 0000 0124 {
                 _usart0_dre:
                 ; .FSTART _usart0_dre
0002cb 93ea      	ST   -Y,R30
                 ; 0000 0125     UDR0=txdata;
0002cc 91e0 0511 	LDS  R30,_txdata
0002ce b9ec      	OUT  0xC,R30
                 ; 0000 0126     UCSR0B &= 0xDF; // UDRE = 0 USCR0B = 0b10011000
0002cf 9855      	CBI  0xA,5
                 ; 0000 0127 }
0002d0 91e9      	LD   R30,Y+
0002d1 9518      	RETI
                 ; .FEND
                 ;
                 ;
                 ;/*
                 ;
                 ;    M        STEP    EN      DIR     TIM
                 ;    0        PB5     PA0     PB3     OC1a
                 ;    1        PB5     PA1     PB3     OC1a
                 ;    2        PB5     PA2     PB3     OC1a
                 ;    3        PB6     PA3     PB4     OC1b
                 ;
                 ;
                 ;*/
                 ;
                 ;void main(void)
                 ; 0000 0136 {
                 _main:
                 ; .FSTART _main
                 ; 0000 0137     DDRE=0b00000010; // 1:txd0 0:rxd0
0002d2 e0e2      	LDI  R30,LOW(2)
0002d3 b9e2      	OUT  0x2,R30
                 ; 0000 0138     DDRB=0xFF;   //3,4: dir 5,6: step
0002d4 efef      	LDI  R30,LOW(255)
0002d5 bbe7      	OUT  0x17,R30
                 ; 0000 0139     DDRA=0x1F;
0002d6 e1ef      	LDI  R30,LOW(31)
0002d7 bbea      	OUT  0x1A,R30
                 ; 0000 013A     SREG=0x80;
0002d8 e8e0      	LDI  R30,LOW(128)
0002d9 bfef      	OUT  0x3F,R30
                 ; 0000 013B     TCCR1A=0x50; //TIMER1a, TIMER1b on Timer1c off
0002da e5e0      	LDI  R30,LOW(80)
0002db bdef      	OUT  0x2F,R30
                 ; 0000 013C     TCCR1B=0x0A;
0002dc e0ea      	LDI  R30,LOW(10)
0002dd bdee      	OUT  0x2E,R30
                 ; 0000 013D     TCCR1C=0x00;
0002de e0e0      	LDI  R30,LOW(0)
0002df 93e0 007a 	STS  122,R30
                 ; 0000 013E     OCR1AL=0x00;
0002e1 bdea      	OUT  0x2A,R30
                 ; 0000 013F     OCR1AH=0x00;
0002e2 bdeb      	OUT  0x2B,R30
                 ; 0000 0140     OCR1BL=0x00;
0002e3 bde8      	OUT  0x28,R30
                 ; 0000 0141     OCR1BH=0x00;
0002e4 bde9      	OUT  0x29,R30
                 ; 0000 0142     OCR1CH=0x00;
0002e5 93e0 0079 	STS  121,R30
                 ; 0000 0143     OCR1CL=0x00;
0002e7 93e0 0078 	STS  120,R30
                 ; 0000 0144     TCNT1H=0x00;
0002e9 bded      	OUT  0x2D,R30
                 ; 0000 0145     TCNT1L=0x00;
0002ea bdec      	OUT  0x2C,R30
                 ; 0000 0146     TIMSK=0x00;  //0001 1000 OCIE1A, OCIE1B interrupt enable
0002eb bfe7      	OUT  0x37,R30
                 ; 0000 0147     ETIMSK=0x00;
0002ec 93e0 007d 	STS  125,R30
                 ; 0000 0148 
                 ; 0000 0149     init();
0002ee ddb5      	RCALL _init
                 ; 0000 014A     BTinit();
0002ef dde6      	RCALL _BTinit
                 ; 0000 014B     vel_f5();
0002f0 de20      	RCALL _vel_f5
                 ; 0000 014C 
                 ; 0000 014D     while(1){
                 _0x42:
                 ; 0000 014E         if(start==1) run();
0002f1 91a0 050c 	LDS  R26,_start
0002f3 30a1      	CPI  R26,LOW(0x1)
0002f4 f409      	BRNE _0x45
0002f5 de9f      	RCALL _run
                 ; 0000 014F     }
                 _0x45:
0002f6 cffa      	RJMP _0x42
                 ; 0000 0150 }
                 _0x46:
0002f7 cfff      	RJMP _0x46
                 ; .FEND
                 	#ifndef __SLEEP_DEFINED__
                 	#endif
                 
                 	.CSEG
                 
                 	.CSEG
                 
                 	.CSEG
                 
                 	.DSEG
                 _step2:
00050a           	.BYTE 0x2
                 _start:
00050c           	.BYTE 0x1
                 _target:
00050d           	.BYTE 0x2
                 _position:
00050f           	.BYTE 0x2
                 _txdata:
000511           	.BYTE 0x2
                 _rxdata:
000513           	.BYTE 0x1
                 _pill0:
000514           	.BYTE 0x3
                 _pill1:
000517           	.BYTE 0x3
                 _pill2:
00051a           	.BYTE 0x3
                 _unit:
00051d           	.BYTE 0x3
                 _index:
000520           	.BYTE 0x1
                 _sp1:
000521           	.BYTE 0x2
                 _sp2:
000523           	.BYTE 0x2
                 
                 	.CSEG
                 ;OPTIMIZER ADDED SUBROUTINE, CALLED 2 TIMES, CODE SIZE REDUCTION:1 WORDS
                 SUBOPT_0x0:
0002f8 01f8      	MOVW R30,R16
0002f9 81aa      	LDD  R26,Y+2
0002fa 81bb      	LDD  R27,Y+2+1
0002fb 0fae      	ADD  R26,R30
0002fc 1fbf      	ADC  R27,R31
0002fd 91ec      	LD   R30,X
0002fe 9508      	RET
                 
                 ;OPTIMIZER ADDED SUBROUTINE, CALLED 2 TIMES, CODE SIZE REDUCTION:8 WORDS
                 SUBOPT_0x1:
0002ff 91e0 0520 	LDS  R30,_index
000301 e0f0      	LDI  R31,0
000302 5ee3      	SUBI R30,LOW(-_unit)
000303 4ffa      	SBCI R31,HIGH(-_unit)
000304 91a0 0513 	LDS  R26,_rxdata
000306 83a0      	STD  Z+0,R26
000307 91e0 0520 	LDS  R30,_index
000309 5fef      	SUBI R30,-LOW(1)
00030a 93e0 0520 	STS  _index,R30
00030c 9508      	RET
                 
                 ;OPTIMIZER ADDED SUBROUTINE, CALLED 3 TIMES, CODE SIZE REDUCTION:1 WORDS
                 SUBOPT_0x2:
                +
00030d 91a0 051e+LDS R26 , _unit + ( 1 )
                 	__GETB2MN _unit,1
00030f 940c 017f 	JMP  _str2int
                 
                 ;OPTIMIZER ADDED SUBROUTINE, CALLED 3 TIMES, CODE SIZE REDUCTION:1 WORDS
                 SUBOPT_0x3:
                +
000311 91a0 051f+LDS R26 , _unit + ( 2 )
                 	__GETB2MN _unit,2
000313 940c 017f 	JMP  _str2int
                 
                 
                 	.CSEG
                 _delay_ms:
000315 9610      	adiw r26,0
000316 f039      	breq __delay_ms1
                 __delay_ms0:
                +
000317 ea80     +LDI R24 , LOW ( 0xFA0 )
000318 e09f     +LDI R25 , HIGH ( 0xFA0 )
                +__DELAY_USW_LOOP :
000319 9701     +SBIW R24 , 1
00031a f7f1     +BRNE __DELAY_USW_LOOP
                 	__DELAY_USW 0xFA0
00031b 95a8      	wdr
00031c 9711      	sbiw r26,1
00031d f7c9      	brne __delay_ms0
                 __delay_ms1:
00031e 9508      	ret
                 
                 ;END OF CODE MARKER
                 __END_OF_CODE:


RESOURCE USE INFORMATION
------------------------

Notice:
The register and instruction counts are symbol table hit counts,
and hence implicitly used resources are not counted, eg, the
'lpm' instruction without operands implicitly uses r0 and z,
none of which are counted.

x,y,z are separate entities in the symbol table and are
counted separately from r26..r31 here.

.dseg memory usage only counts static data declared with .byte

ATmega128 register use summary:
r0 :   6 r1 :   3 r2 :   0 r3 :   0 r4 :   1 r5 :   0 r6 :   2 r7 :   0 
r8 :   4 r9 :   1 r10:   1 r11:   0 r12:   5 r13:   3 r14:   0 r15:   2 
r16:  15 r17:  19 r18:   0 r19:   0 r20:   0 r21:   0 r22:   4 r23:   2 
r24:  12 r25:   5 r26: 105 r27:  33 r28:   4 r29:   1 r30: 212 r31:  49 
x  :   8 y  :  75 z  :  11 
Registers used: 25 out of 35 (71.4%)

ATmega128 instruction use summary:
.lds  :   0 .lds.l:   0 .sts  :   0 .sts.l:   0 adc   :   2 add   :   2 
adiw  :   6 and   :   0 andi  :   6 asr   :   0 bclr  :   0 bld   :   0 
brbc  :   0 brbs  :   0 brcc  :   0 brcs  :   0 break :   0 breq  :   5 
brge  :   0 brhc  :   0 brhs  :   0 brid  :   0 brie  :   0 brlo  :   5 
brlt  :   0 brmi  :   0 brne  :  24 brpl  :   0 brsh  :   6 brtc  :   0 
brts  :   0 brvc  :   0 brvs  :   0 bset  :   0 bst   :   0 call  :  15 
cbi   :   7 cbr   :   0 clc   :   0 clh   :   0 cli   :   1 cln   :   0 
clr   :   6 cls   :   0 clt   :   0 clv   :   0 clz   :   0 com   :   0 
cp    :   8 cpc   :  17 cpi   :  25 cpse  :   0 dec   :   1 des   :   0 
elpm  :   0 eor   :   3 fmul  :   0 fmuls :   0 fmulsu:   0 icall :   0 
ijmp  :   0 in    :  15 inc   :   0 jmp   :  38 ld    :  35 ldd   :   8 
ldi   :  97 lds   :  35 lpm   :   7 lsl   :   0 lsr   :   0 mov   :   3 
movw  :  14 mul   :   0 muls  :   0 mulsu :   0 neg   :   0 nop   :   0 
or    :   0 ori   :   4 out   :  38 pop   :   0 push  :   0 rcall :  26 
ret   :  15 reti  :   4 rjmp  :  29 rol   :   0 ror   :   0 sbc   :   1 
sbci  :   5 sbi   :  13 sbic  :   0 sbis  :   0 sbiw  :   5 sbr   :   0 
sbrc  :   0 sbrs  :   0 sec   :   0 seh   :   0 sei   :   0 sen   :   0 
ser   :   0 ses   :   0 set   :   0 sev   :   0 sez   :   0 sleep :   0 
spm   :   0 st    :  40 std   :   4 sts   :  38 sub   :   1 subi  :  12 
swap  :   0 tst   :   0 wdr   :   1 
Instructions used: 42 out of 117 (35.9%)

ATmega128 memory use summary [bytes]:
Segment   Begin    End      Code   Data   Used    Size   Use%
---------------------------------------------------------------
[.cseg] 0x000000 0x00063e   1506     92   1598  131072   1.2%
[.dseg] 0x000100 0x000525      0     37     37    4096   0.9%
[.eseg] 0x000000 0x000000      0      0      0    4096   0.0%

Assembly complete, 0 errors, 10 warnings
