RAM Allocation [bytes]
Variable                                                                          Address   Size
------------------------------------------------------------------------------------------------
step2                                                                             0x0500       2
target                                                                            0x0502       2
position                                                                          0x0504       2
fin                                                                               0x0506       1
txdata                                                                            0x0507       1
rxdata                                                                            0x0508       1
pill0                                                                             0x0509       3
pill1                                                                             0x050C       3
pill2                                                                             0x050F       3
unit                                                                              0x0512       3
index                                                                             0x0515       1
g1                                                                                0x0516       2
g2                                                                                0x0518       2

EEPROM Allocation [bytes]
Variable                                                                          Address   Size
------------------------------------------------------------------------------------------------

Register Allocation
Variable                                                                          Register  Size
------------------------------------------------------------------------------------------------
PAUSE                                                                             R4,R5        2
ENDLINE                                                                           R6,R7        2
ONE                                                                               R8,R9        2
NEXT                                                                              R10,R11      2
step1                                                                             R12,R13      2

FLASH Allocation [words]
Function                                                                          Address   Size
------------------------------------------------------------------------------------------------
timer1_compa_isr                                                                  0x00090     26
timer1_compb_isr                                                                  0x000AA     57
vel_f5                                                                            0x000E3     15
transmit                                                                          0x000F2      6
beep                                                                              0x000F8      9
init                                                                              0x00101     35
motor                                                                             0x00124     37
give0                                                                             0x00149     22
give1                                                                             0x0015F     22
give2                                                                             0x00175     22
go                                                                                0x0018B     16
str2int                                                                           0x0019B     17
BTinit                                                                            0x001AC     13
run                                                                               0x001B9     61
usart0_rxc                                                                        0x001F6    114
usart0_dre                                                                        0x00268      7
main                                                                              0x0026F     25
